// Jest Snapshot v1, https://goo.gl/fbAQLP

exports[`SimulationReporter should format failed test output correctly 1`] = `
"
Test Failures:


In /Users/kennethacquah/simulacra/javascript/__tests___/e2e/tests/fakeTests/expectEventually.test.ts:
[31m✗ expectEventually should fail when condition never becomes true failing test[0m
  13. [35m[assistant][0m Message for turn 7
  14. [36m[user][0m Is there anything else you need?
  15. [35m[assistant][0m Message for turn 8
  16. [36m[user][0m Thank you for your patience.
  17. [35m[assistant][0m Message for turn 9
  18. [36m[user][0m Have a great day!
  (12 earlier steps not shown)

  [31m[2mexpect([22m[31mreceived[39m[2m).[22mtoBe[2m([22m[32mexpected[39m[2m) // Object.is equality[22m

Expected: [32mtrue[39m
Received: [31mfalse[39m[0m
  Stack trace:
    
    Expected: [32mtrue[39m
    Received: [31mfalse[39m
    at SimulationExpectation.assertionFn (/Users/kennethacquah/simulacra/javascript/__tests___/e2e/tests/fakeTests/expectEventually.test.ts:47:37)
    at AgentEventEmitter.checkCondition (/Users/kennethacquah/simulacra/javascript/assertions/expect.ts:31:24)

Test Summary:
Total Tests: 1
Passed: [32m0[0m
Failed: [31m1[0m"
`;

exports[`SimulationReporter should format successful test output correctly 1`] = `
"[32m✓ expectEventually should eventually pass when condition becomes true on third turn passing test[0m

All 1 tests passed! ✨
"
`;
